LTspice 26.0.2 for Windows
Circuit: Z:\Desktop\my_dev\iem-ltspice\1_wheel_supply\4_load_step\1_wheel_supply_4_load_step.cir
Start Time: Wed Sep 30 01:35:23 2026

.step cbulk=1e-05
solver = Normal
Maximum thread count: 4
tnom = 27
temp = 27
method = trap
Direct Newton iteration succeeded in finding operating point.

.step cbulk=0.00033
Direct Newton iteration succeeded in finding operating point.
Total elapsed time: 2.846 seconds.

Files loaded:
Z:\Desktop\my_dev\iem-ltspice\1_wheel_supply\4_load_step\1_wheel_supply_4_load_step.cir


Measurement: vw_min
  step	MIN(V(vd))	FROM	TO
     1	3.23725390434	0	0.04
     2	3.27959299088	0	0.04

Measurement: gnd_off
  step	MAX(V(gw))	FROM	TO
     1	0.0314095020294	0	0.04
     2	0.0110139045864	0	0.04
