LTspice 26.0.2 for Windows
Circuit: Z:\Desktop\my_dev\iem-ltspice\3_esd_switch_lines\4_leakage_margin\3_esd_switch_lines_4_leakage_margin.cir
Start Time: Tue Sep 29 00:03:18 2026
solver = Normal
Maximum thread count: 4
tnom = 27
temp = 27
method = trap
.step rpu=70000 rser=0.001 ileak=0
.step rpu=100000 rser=0.001 ileak=0
.step rpu=140000 rser=0.001 ileak=0
.step rpu=70000 rser=1000 ileak=0
.step rpu=100000 rser=1000 ileak=0
.step rpu=140000 rser=1000 ileak=0
.step rpu=70000 rser=0.001 ileak=1e-06
.step rpu=100000 rser=0.001 ileak=1e-06
.step rpu=140000 rser=0.001 ileak=1e-06
.step rpu=70000 rser=1000 ileak=1e-06
.step rpu=100000 rser=1000 ileak=1e-06
.step rpu=140000 rser=1000 ileak=1e-06
.step rpu=70000 rser=0.001 ileak=1e-05
.step rpu=100000 rser=0.001 ileak=1e-05
.step rpu=140000 rser=0.001 ileak=1e-05
.step rpu=70000 rser=1000 ileak=1e-05
.step rpu=100000 rser=1000 ileak=1e-05
.step rpu=140000 rser=1000 ileak=1e-05
Total elapsed time: 1.272 seconds.

Files loaded:
Z:\Desktop\my_dev\iem-ltspice\3_esd_switch_lines\4_leakage_margin\3_esd_switch_lines_4_leakage_margin.cir


Measurement: r_margin
  step	V(ctl) 	at
     1	29999.9010097	29999.9000566
     2	42857.0890863	42857.0900863
     3	59999.9527518	59999.9537518
     4	28999.9010097	28999.9000566
     5	41857.0906678	41857.0916678
     6	58999.9527518	58999.9537518
     7	30937.4246219	30937.4236688
     8	44796.3151856	44796.3161856
     9	63870.9301831	63870.9311831
    10	29906.1583047	29906.1573516
    11	43751.078821	43751.079821
    12	62806.4062728	62806.4072728
    13	43043.4113511	43043.4123511
    14	75572.4769587	75572.4779587
    15	152307.677456	152307.678456
    16	41608.6146272	41608.6156272
    17	73809.109891	73809.110891
    18	149769.221863	149769.222863

Measurement: v_high
  step	V(pino) 	at
     1	3.29999995232	0.001
     2	3.29999995232	0.001
     3	3.29999995232	0.001
     4	3.29999995232	0.001
     5	3.29999995232	0.001
     6	3.29999995232	0.001
     7	3.23000001907	0.001
     8	3.20000004768	0.001
     9	3.16000008583	0.001
    10	3.23000001907	0.001
    11	3.20000004768	0.001
    12	3.16000008583	0.001
    13	2.59999990463	0.001
    14	2.29999995232	0.001
    15	1.89999997616	0.001
    16	2.59999990463	0.001
    17	2.29999995232	0.001
    18	1.89999997616	0.001
