LTspice 26.0.2 for Windows
Circuit: Z:\Desktop\my_dev\iem-ltspice\5_rotary_encoder\bounce\bounce.cir
Start Time: Wed Sep 30 01:25:16 2026

.step rpu=70000
solver = Normal
Maximum thread count: 4
tnom = 27
temp = 27
method = trap
Direct Newton iteration succeeded in finding operating point.

.step rpu=100000
Direct Newton iteration succeeded in finding operating point.

.step rpu=140000
Direct Newton iteration succeeded in finding operating point.
Total elapsed time: 8.159 seconds.

Files loaded:
Z:\Desktop\my_dev\iem-ltspice\5_rotary_encoder\bounce\bounce.cir


Measurement: t_first_low
  step	V(IN)=0.99 
     1	0.00102651581674
     2	0.00102651580773
     3	0.0010265157957

Measurement: t_settled_low
  step	V(IN)=0.99 
     1	0.00117650895984
     2	0.00117651580234
     3	0.00117651581046
