LTspice 26.0.2 for Windows
Circuit: Z:\Desktop\my_dev\iem-ltspice\4_wheel_short\1_short_circuit\4_wheel_short_1_short_circuit.cir
Start Time: Wed Sep 30 01:21:27 2026

.step ilim=0.25 cbulk=1e-05
solver = Normal
Maximum thread count: 4
tnom = 27
temp = 27
method = trap
Per .tran options, skipping operating point for transient analysis.

.step ilim=0.5 cbulk=1e-05

.step ilim=1 cbulk=1e-05

.step ilim=0.25 cbulk=0.00033

.step ilim=0.5 cbulk=0.00033

.step ilim=1 cbulk=0.00033
Total elapsed time: 16.636 seconds.

Files loaded:
Z:\Desktop\my_dev\iem-ltspice\4_wheel_short\1_short_circuit\4_wheel_short_1_short_circuit.cir


Measurement: vdash_min
  step	MIN(V(g) )	FROM	TO
     1	3.28252625465	0.009	0.031
     2	3.27004528046	0.009	0.031
     3	3.24508309364	0.009	0.031
     4	3.28252625465	0.009	0.031
     5	3.27004528046	0.009	0.031
     6	3.24508309364	0.009	0.031

Measurement: i_qd_max
  step	MAX(I(Lh) )	FROM	TO
     1	0.3142619133	0.009	0.031
     2	0.566832959652	0.009	0.031
     3	1.07050573826	0.009	0.031
     4	0.270541548729	0.009	0.031
     5	0.528924703598	0.009	0.031
     6	1.02649104595	0.009	0.031

Measurement: i_short_max
  step	MAX(I(Vss))	FROM	TO
     1	218.902618408	0	0.05
     2	218.902618408	0	0.05
     3	218.902618408	0	0.05
     4	219.533920288	0	0.05
     5	219.610092163	0	0.05
     6	219.280670166	0	0.05
