LTspice 26.0.2 for Windows
Circuit: Z:\Desktop\my_dev\iem-ltspice\2_spi_lines\3_miso_roundtrip\2_spi_lines_3_miso_roundtrip.cir
Start Time: Mon Sep 28 22:37:00 2026

.step td=5e-09 rser=0.001
solver = Normal
Maximum thread count: 4
tnom = 27
temp = 27
method = trap
.OP point found by inspection.

.step td=1e-08 rser=0.001
.OP point found by inspection.

.step td=1.5e-08 rser=0.001
.OP point found by inspection.

.step td=5e-09 rser=80
.OP point found by inspection.

.step td=1e-08 rser=80
.OP point found by inspection.

.step td=1.5e-08 rser=80
.OP point found by inspection.
Total elapsed time: 0.244 seconds.

Files loaded:
Z:\Desktop\my_dev\iem-ltspice\2_spi_lines\3_miso_roundtrip\2_spi_lines_3_miso_roundtrip.cir


Measurement: t_hi
  step	V(c)=2.31 
     1	3.84903945492e-08
     2	4.84903945492e-08
     3	5.84903945492e-08
     4	3.89841244859e-08
     5	4.89841244859e-08
     6	5.89841244859e-08

Measurement: t_lo
  step	V(c)=0.99 
     1	8.85292433259e-08
     2	9.86629921152e-08
     3	1.08105225645e-07
     4	8.89783592605e-08
     5	9.89783592605e-08
     6	1.08978359261e-07
