LTspice 26.0.2 for Windows
Circuit: Z:\Desktop\my_dev\iem-ltspice\3_esd_switch_lines\1_no_protection\3_esd_switch_lines_1_no_protection.cir
Start Time: Mon Sep 28 23:54:25 2026

.step vesd=-8000
solver = Normal
Maximum thread count: 4
tnom = 27
temp = 27
method = trap
Per .tran options, skipping operating point for transient analysis.

.step vesd=2000

.step vesd=4000

.step vesd=8000
Total elapsed time: 0.524 seconds.

Files loaded:
Z:\Desktop\my_dev\iem-ltspice\3_esd_switch_lines\1_no_protection\3_esd_switch_lines_1_no_protection.cir


Measurement: vpin_max
  step	MAX(V(pin))	FROM	TO
     1	3.29999995232	0	1e-07
     2	14.2349262238	0	1e-07
     3	20.2887420654	0	1e-07
     4	32.3761558533	0	1e-07

Measurement: vpin_min
  step	MIN(V(pin))	FROM	TO
     1	-12.8727369308	0	1e-07
     2	0	0	1e-07
     3	0	0	1e-07
     4	0	0	1e-07

Measurement: iint_max
  step	MAX(I(Vsu))	FROM	TO
     1	5.45696821064e-12	0	1e-07
     2	6.00987100601	0	1e-07
     3	12.0457019806	0	1e-07
     4	24.1151618958	0	1e-07

Measurement: idn_max
  step	MAX(I(Vsd))	FROM	TO
     1	12.0935878754	0	1e-07
     2	0	0	1e-07
     3	0	0	1e-07
     4	0	0	1e-07
