LTspice 26.0.2 for Windows
Circuit: Z:\Desktop\my_dev\iem-ltspice\5_rotary_encoder\clean-edge\clean-edge.cir
Start Time: Wed Sep 30 01:26:06 2026

.step rpu=70000
solver = Normal
Maximum thread count: 4
tnom = 27
temp = 27
method = trap
Direct Newton iteration succeeded in finding operating point.

.step rpu=100000
Direct Newton iteration succeeded in finding operating point.

.step rpu=140000
Direct Newton iteration succeeded in finding operating point.
Total elapsed time: 87.621 seconds.

Files loaded:
Z:\Desktop\my_dev\iem-ltspice\5_rotary_encoder\clean-edge\clean-edge.cir


Measurement: t_fall
  step	t_fall	FROM	TO
     1	4.28728284861e-10	0.00100053025143	0.00100053068016
     2	4.40748518845e-10	0.00100053023039	0.00100053067114
     3	4.567756208e-10	0.00100053020234	0.00100053065912

Measurement: t_rise
  step	t_rise	FROM	TO
     1	5.53364347894e-07	0.00600174578525	0.0060022991496
     2	8.26187961163e-07	0.00600183996982	0.00600266615779
     3	1.23271272278e-06	0.00600196741523	0.00600320012796
