LTspice 26.0.2 for Windows
Circuit: Z:\Desktop\my_dev\iem-ltspice\1_wheel_supply\3_damping_options\1_wheel_supply_3_damping_options.cir
Start Time: Wed Sep 30 01:33:50 2026

.step cbulk=1e-05 esr=0.005 rdamp=0.001
solver = Normal
Maximum thread count: 4
tnom = 27
temp = 27
method = trap
Per .tran options, skipping operating point for transient analysis.

.step cbulk=0.00033 esr=0.005 rdamp=0.001

.step cbulk=1e-05 esr=0.05 rdamp=0.001

.step cbulk=0.00033 esr=0.05 rdamp=0.001

.step cbulk=1e-05 esr=0.3 rdamp=0.001

.step cbulk=0.00033 esr=0.3 rdamp=0.001

.step cbulk=1e-05 esr=0.005 rdamp=0.5

.step cbulk=0.00033 esr=0.005 rdamp=0.5

.step cbulk=1e-05 esr=0.05 rdamp=0.5

.step cbulk=0.00033 esr=0.05 rdamp=0.5

.step cbulk=1e-05 esr=0.3 rdamp=0.5

.step cbulk=0.00033 esr=0.3 rdamp=0.5
Total elapsed time: 38.327 seconds.

Files loaded:
Z:\Desktop\my_dev\iem-ltspice\1_wheel_supply\3_damping_options\1_wheel_supply_3_damping_options.cir


Measurement: vpk
  step	MAX(V(c))	FROM	TO
     1	6.13821315765	0	0.00999999999999
     2	4.65759515762	0	0.00999999999999
     3	5.87678623199	0	0.00999999999999
     4	4.03158950806	0	0.00999999999999
     5	4.89115667343	0	0.00999999999999
     6	3.29979538918	0	0.00999999999999
     7	4.1272315979	0	0.00999999999999
     8	3.29814982414	0	0.00999999999999
     9	4.0269536972	0	0.00999999999999
    10	3.29814982414	0	0.00999999999999
    11	3.63293004036	0	0.00999999999999
    12	3.29814958572	0	0.00999999999999

Measurement: ipk
  step	MAX(I(Lh))	FROM	TO
     1	4.36280012131	0	0.00999999999999
     2	18.5890960693	0	0.00999999999999
     3	4.16866636276	0	0.00999999999999
     4	15.2996101379	0	0.00999999999999
     5	3.32847642899	0	0.00999999999999
     6	7.49051618576	0	0.00999999999999
     7	2.82181596756	0	0.00999999999999
     8	5.21296548843	0	0.00999999999999
     9	2.73367238045	0	0.00999999999999
    10	4.88219308853	0	0.00999999999999
    11	2.32569360733	0	0.00999999999999
    12	3.60118722916	0	0.00999999999999

Measurement: vled
  step	V(c) 	at
     1	3.29359579086	0.0095
     2	3.29359579086	0.0095
     3	3.29359579086	0.0095
     4	3.29359579086	0.0095
     5	3.29359579086	0.0095
     6	3.29359579086	0.0095
     7	3.24208116531	0.0095
     8	3.24208116531	0.0095
     9	3.24208116531	0.0095
    10	3.24208116531	0.0095
    11	3.24208116531	0.0095
    12	3.24208140373	0.0095
